Archive member included to satisfy reference by file (symbol)

c:/ac6/systemworkbench/plugins/fr.ac6.mcu.externaltools.arm-none.win32_1.15.0.201708311556/tools/compiler/bin/../lib/gcc/arm-none-eabi/6.3.1/thumb/v7e-m/fpv4-sp/hard\libgcc.a(_arm_addsubdf3.o)
                              Src/HD44780-master/hd44780.o (__aeabi_dsub)
c:/ac6/systemworkbench/plugins/fr.ac6.mcu.externaltools.arm-none.win32_1.15.0.201708311556/tools/compiler/bin/../lib/gcc/arm-none-eabi/6.3.1/thumb/v7e-m/fpv4-sp/hard\libgcc.a(_arm_muldivdf3.o)
                              Src/HD44780-master/hd44780.o (__aeabi_dmul)
c:/ac6/systemworkbench/plugins/fr.ac6.mcu.externaltools.arm-none.win32_1.15.0.201708311556/tools/compiler/bin/../lib/gcc/arm-none-eabi/6.3.1/thumb/v7e-m/fpv4-sp/hard\libgcc.a(_arm_cmpdf2.o)
                              Src/HD44780-master/hd44780.o (__aeabi_dcmplt)
c:/ac6/systemworkbench/plugins/fr.ac6.mcu.externaltools.arm-none.win32_1.15.0.201708311556/tools/compiler/bin/../lib/gcc/arm-none-eabi/6.3.1/thumb/v7e-m/fpv4-sp/hard\libgcc.a(_arm_fixdfsi.o)
                              Src/HD44780-master/hd44780.o (__aeabi_d2iz)
c:/ac6/systemworkbench/plugins/fr.ac6.mcu.externaltools.arm-none.win32_1.15.0.201708311556/tools/compiler/bin/../lib/gcc/arm-none-eabi/6.3.1/thumb/v7e-m/fpv4-sp/hard\libgcc.a(_arm_fixunsdfsi.o)
                              Src/HD44780-master/hd44780.o (__aeabi_d2uiz)
c:/ac6/systemworkbench/plugins/fr.ac6.mcu.externaltools.arm-none.win32_1.15.0.201708311556/tools/compiler/bin/../lib/gcc/arm-none-eabi/6.3.1/thumb/v7e-m/fpv4-sp/hard\libgcc.a(_aeabi_uldivmod.o)
                              Drivers/STM32F4xx_HAL_Driver/Src/stm32f4xx_hal_rcc.o (__aeabi_uldivmod)
c:/ac6/systemworkbench/plugins/fr.ac6.mcu.externaltools.arm-none.win32_1.15.0.201708311556/tools/compiler/bin/../lib/gcc/arm-none-eabi/6.3.1/thumb/v7e-m/fpv4-sp/hard\libgcc.a(_udivmoddi4.o)
                              c:/ac6/systemworkbench/plugins/fr.ac6.mcu.externaltools.arm-none.win32_1.15.0.201708311556/tools/compiler/bin/../lib/gcc/arm-none-eabi/6.3.1/thumb/v7e-m/fpv4-sp/hard\libgcc.a(_aeabi_uldivmod.o) (__udivmoddi4)
c:/ac6/systemworkbench/plugins/fr.ac6.mcu.externaltools.arm-none.win32_1.15.0.201708311556/tools/compiler/bin/../lib/gcc/arm-none-eabi/6.3.1/thumb/v7e-m/fpv4-sp/hard\libgcc.a(_dvmd_tls.o)
                              c:/ac6/systemworkbench/plugins/fr.ac6.mcu.externaltools.arm-none.win32_1.15.0.201708311556/tools/compiler/bin/../lib/gcc/arm-none-eabi/6.3.1/thumb/v7e-m/fpv4-sp/hard\libgcc.a(_aeabi_uldivmod.o) (__aeabi_ldiv0)
c:/ac6/systemworkbench/plugins/fr.ac6.mcu.externaltools.arm-none.win32_1.15.0.201708311556/tools/compiler/bin/../lib/gcc/arm-none-eabi/6.3.1/../../../../arm-none-eabi/lib/thumb/v7e-m/fpv4-sp/hard\libc_nano.a(lib_a-exit.o)
                              c:/ac6/systemworkbench/plugins/fr.ac6.mcu.externaltools.arm-none.win32_1.15.0.201708311556/tools/compiler/bin/../lib/gcc/arm-none-eabi/6.3.1/../../../../arm-none-eabi/lib/thumb/v7e-m/fpv4-sp/hard/crt0.o (exit)
c:/ac6/systemworkbench/plugins/fr.ac6.mcu.externaltools.arm-none.win32_1.15.0.201708311556/tools/compiler/bin/../lib/gcc/arm-none-eabi/6.3.1/../../../../arm-none-eabi/lib/thumb/v7e-m/fpv4-sp/hard\libc_nano.a(lib_a-impure.o)
                              c:/ac6/systemworkbench/plugins/fr.ac6.mcu.externaltools.arm-none.win32_1.15.0.201708311556/tools/compiler/bin/../lib/gcc/arm-none-eabi/6.3.1/../../../../arm-none-eabi/lib/thumb/v7e-m/fpv4-sp/hard\libc_nano.a(lib_a-exit.o) (_global_impure_ptr)
c:/ac6/systemworkbench/plugins/fr.ac6.mcu.externaltools.arm-none.win32_1.15.0.201708311556/tools/compiler/bin/../lib/gcc/arm-none-eabi/6.3.1/../../../../arm-none-eabi/lib/thumb/v7e-m/fpv4-sp/hard\libc_nano.a(lib_a-init.o)
                              c:/ac6/systemworkbench/plugins/fr.ac6.mcu.externaltools.arm-none.win32_1.15.0.201708311556/tools/compiler/bin/../lib/gcc/arm-none-eabi/6.3.1/../../../../arm-none-eabi/lib/thumb/v7e-m/fpv4-sp/hard/crt0.o (__libc_init_array)
c:/ac6/systemworkbench/plugins/fr.ac6.mcu.externaltools.arm-none.win32_1.15.0.201708311556/tools/compiler/bin/../lib/gcc/arm-none-eabi/6.3.1/../../../../arm-none-eabi/lib/thumb/v7e-m/fpv4-sp/hard\libc_nano.a(lib_a-memset.o)
                              c:/ac6/systemworkbench/plugins/fr.ac6.mcu.externaltools.arm-none.win32_1.15.0.201708311556/tools/compiler/bin/../lib/gcc/arm-none-eabi/6.3.1/../../../../arm-none-eabi/lib/thumb/v7e-m/fpv4-sp/hard/crt0.o (memset)
c:/ac6/systemworkbench/plugins/fr.ac6.mcu.externaltools.arm-none.win32_1.15.0.201708311556/tools/compiler/bin/../lib/gcc/arm-none-eabi/6.3.1/../../../../arm-none-eabi/lib/thumb/v7e-m/fpv4-sp/hard\libnosys.a(_exit.o)
                              c:/ac6/systemworkbench/plugins/fr.ac6.mcu.externaltools.arm-none.win32_1.15.0.201708311556/tools/compiler/bin/../lib/gcc/arm-none-eabi/6.3.1/../../../../arm-none-eabi/lib/thumb/v7e-m/fpv4-sp/hard\libc_nano.a(lib_a-exit.o) (_exit)

Allocating common symbols
Common symbol       size              file

[...]
Memory Configuration

Name             Origin             Length             Attributes
RAM              0x20000000         0x00020000         xrw
FLASH            0x08000000         0x00080000         xr
*default*        0x00000000         0xffffffff

Linker script and memory map

LOAD c:/ac6/systemworkbench/plugins/fr.ac6.mcu.externaltools.arm-none.win32_1.15.0.201708311556/tools/compiler/bin/../lib/gcc/arm-none-eabi/6.3.1/thumb/v7e-m/fpv4-sp/hard/crti.o
LOAD c:/ac6/systemworkbench/plugins/fr.ac6.mcu.externaltools.arm-none.win32_1.15.0.201708311556/tools/compiler/bin/../lib/gcc/arm-none-eabi/6.3.1/thumb/v7e-m/fpv4-sp/hard/crtbegin.o
LOAD c:/ac6/systemworkbench/plugins/fr.ac6.mcu.externaltools.arm-none.win32_1.15.0.201708311556/tools/compiler/bin/../lib/gcc/arm-none-eabi/6.3.1/../../../../arm-none-eabi/lib/thumb/v7e-m/fpv4-sp/hard/crt0.o
LOAD Drivers/STM32F4xx_HAL_Driver/Src/stm32f4xx_hal.o
LOAD Drivers/STM32F4xx_HAL_Driver/Src/stm32f4xx_hal_cortex.o
LOAD Drivers/STM32F4xx_HAL_Driver/Src/stm32f4xx_hal_dma.o
LOAD Drivers/STM32F4xx_HAL_Driver/Src/stm32f4xx_hal_dma_ex.o
LOAD Drivers/STM32F4xx_HAL_Driver/Src/stm32f4xx_hal_flash.o
LOAD Drivers/STM32F4xx_HAL_Driver/Src/stm32f4xx_hal_flash_ex.o
LOAD Drivers/STM32F4xx_HAL_Driver/Src/stm32f4xx_hal_flash_ramfunc.o
LOAD Drivers/STM32F4xx_HAL_Driver/Src/stm32f4xx_hal_gpio.o
LOAD Drivers/STM32F4xx_HAL_Driver/Src/stm32f4xx_hal_i2c.o
LOAD Drivers/STM32F4xx_HAL_Driver/Src/stm32f4xx_hal_i2c_ex.o
LOAD Drivers/STM32F4xx_HAL_Driver/Src/stm32f4xx_hal_pwr.o
LOAD Drivers/STM32F4xx_HAL_Driver/Src/stm32f4xx_hal_pwr_ex.o
LOAD Drivers/STM32F4xx_HAL_Driver/Src/stm32f4xx_hal_rcc.o
LOAD Drivers/STM32F4xx_HAL_Driver/Src/stm32f4xx_hal_rcc_ex.o
LOAD Drivers/STM32F4xx_HAL_Driver/Src/stm32f4xx_hal_spi.o
LOAD Drivers/STM32F4xx_HAL_Driver/Src/stm32f4xx_hal_tim.o
LOAD Drivers/STM32F4xx_HAL_Driver/Src/stm32f4xx_hal_tim_ex.o
LOAD Src/HD44780-master/example.o
LOAD Src/HD44780-master/example_msp.o
LOAD Src/HD44780-master/hd44780.o
LOAD Src/PCF8574-master/example.o
LOAD Src/PCF8574-master/example_msp.o
LOAD Src/PCF8574-master/pcf8574.o
LOAD Src/Struct&Fun.o
LOAD Src/main.o
LOAD Src/stm32f4xx_hal_msp.o
LOAD Src/stm32f4xx_it.o
LOAD Src/system_stm32f4xx.o
LOAD startup/startup_stm32f411xe.o
LOAD c:/ac6/systemworkbench/plugins/fr.ac6.mcu.externaltools.arm-none.win32_1.15.0.201708311556/tools/compiler/bin/../lib/gcc/arm-none-eabi/6.3.1/../../../../arm-none-eabi/lib/thumb/v7e-m/fpv4-sp/hard\libm.a
START GROUP
LOAD c:/ac6/systemworkbench/plugins/fr.ac6.mcu.externaltools.arm-none.win32_1.15.0.201708311556/tools/compiler/bin/../lib/gcc/arm-none-eabi/6.3.1/thumb/v7e-m/fpv4-sp/hard\libgcc.a
LOAD c:/ac6/systemworkbench/plugins/fr.ac6.mcu.externaltools.arm-none.win32_1.15.0.201708311556/tools/compiler/bin/../lib/gcc/arm-none-eabi/6.3.1/../../../../arm-none-eabi/lib/thumb/v7e-m/fpv4-sp/hard\libc_nano.a
END GROUP
START GROUP
LOAD c:/ac6/systemworkbench/plugins/fr.ac6.mcu.externaltools.arm-none.win32_1.15.0.201708311556/tools/compiler/bin/../lib/gcc/arm-none-eabi/6.3.1/thumb/v7e-m/fpv4-sp/hard\libgcc.a
LOAD c:/ac6/systemworkbench/plugins/fr.ac6.mcu.externaltools.arm-none.win32_1.15.0.201708311556/tools/compiler/bin/../lib/gcc/arm-none-eabi/6.3.1/../../../../arm-none-eabi/lib/thumb/v7e-m/fpv4-sp/hard\libc_nano.a
LOAD c:/ac6/systemworkbench/plugins/fr.ac6.mcu.externaltools.arm-none.win32_1.15.0.201708311556/tools/compiler/bin/../lib/gcc/arm-none-eabi/6.3.1/../../../../arm-none-eabi/lib/thumb/v7e-m/fpv4-sp/hard\libnosys.a
END GROUP
START GROUP
LOAD c:/ac6/systemworkbench/plugins/fr.ac6.mcu.externaltools.arm-none.win32_1.15.0.201708311556/tools/compiler/bin/../lib/gcc/arm-none-eabi/6.3.1/thumb/v7e-m/fpv4-sp/hard\libgcc.a
LOAD c:/ac6/systemworkbench/plugins/fr.ac6.mcu.externaltools.arm-none.win32_1.15.0.201708311556/tools/compiler/bin/../lib/gcc/arm-none-eabi/6.3.1/../../../../arm-none-eabi/lib/thumb/v7e-m/fpv4-sp/hard\libc_nano.a
LOAD c:/ac6/systemworkbench/plugins/fr.ac6.mcu.externaltools.arm-none.win32_1.15.0.201708311556/tools/compiler/bin/../lib/gcc/arm-none-eabi/6.3.1/../../../../arm-none-eabi/lib/thumb/v7e-m/fpv4-sp/hard\libnosys.a
END GROUP
LOAD c:/ac6/systemworkbench/plugins/fr.ac6.mcu.externaltools.arm-none.win32_1.15.0.201708311556/tools/compiler/bin/../lib/gcc/arm-none-eabi/6.3.1/thumb/v7e-m/fpv4-sp/hard/crtend.o
LOAD c:/ac6/systemworkbench/plugins/fr.ac6.mcu.externaltools.arm-none.win32_1.15.0.201708311556/tools/compiler/bin/../lib/gcc/arm-none-eabi/6.3.1/thumb/v7e-m/fpv4-sp/hard/crtn.o
                0x20020000                _estack = 0x20020000
                0x00000200                _Min_Heap_Size = 0x200
                0x00000400                _Min_Stack_Size = 0x400

.isr_vector     0x08000000      0x198
                0x08000000                . = ALIGN (0x4)
 *(.isr_vector)
 .isr_vector    0x08000000      0x198 startup/startup_stm32f411xe.o
                0x08000000                g_pfnVectors
                0x08000198                . = ALIGN (0x4)

.text           0x08000198     0x25bc
                0x08000198                . = ALIGN (0x4)
 *(.text)
 .text          0x08000198       0x6c c:/ac6/systemworkbench/plugins/fr.ac6.mcu.externaltools.arm-none.win32_1.15.0.201708311556/tools/compiler/bin/../lib/gcc/arm-none-eabi/6.3.1/thumb/v7e-m/fpv4-sp/hard/crtbegin.o
 .text          0x08000204       0x30 c:/ac6/systemworkbench/plugins/fr.ac6.mcu.externaltools.arm-none.win32_1.15.0.201708311556/tools/compiler/bin/../lib/gcc/arm-none-eabi/6.3.1/thumb/v7e-m/fpv4-sp/hard\libgcc.a(_aeabi_uldivmod.o)
                0x08000204                __aeabi_uldivmod
 .text          0x08000234      0x2dc c:/ac6/systemworkbench/plugins/fr.ac6.mcu.externaltools.arm-none.win32_1.15.0.201708311556/tools/compiler/bin/../lib/gcc/arm-none-eabi/6.3.1/thumb/v7e-m/fpv4-sp/hard\libgcc.a(_udivmoddi4.o)
                0x08000234                __udivmoddi4
 .text          0x08000510        0x4 c:/ac6/systemworkbench/plugins/fr.ac6.mcu.externaltools.arm-none.win32_1.15.0.201708311556/tools/compiler/bin/../lib/gcc/arm-none-eabi/6.3.1/thumb/v7e-m/fpv4-sp/hard\libgcc.a(_dvmd_tls.o)
                0x08000510                __aeabi_idiv0
                0x08000510                __aeabi_ldiv0
 *(.text*)
 .text.HAL_InitTick
                0x08000514       0x2c Drivers/STM32F4xx_HAL_Driver/Src/stm32f4xx_hal.o
                0x08000514                HAL_InitTick
 .text.HAL_Init
                0x08000540       0x34 Drivers/STM32F4xx_HAL_Driver/Src/stm32f4xx_hal.o
                0x08000540                HAL_Init
 .text.HAL_IncTick
                0x08000574       0x10 Drivers/STM32F4xx_HAL_Driver/Src/stm32f4xx_hal.o
                0x08000574                HAL_IncTick
 .text.HAL_GetTick
                0x08000584        0xc Drivers/STM32F4xx_HAL_Driver/Src/stm32f4xx_hal.o
                0x08000584                HAL_GetTick
 .text.HAL_Delay
                0x08000590       0x24 Drivers/STM32F4xx_HAL_Driver/Src/stm32f4xx_hal.o
                0x08000590                HAL_Delay
 .text.HAL_NVIC_SetPriorityGrouping
                0x080005b4       0x24 Drivers/STM32F4xx_HAL_Driver/Src/stm32f4xx_hal_cortex.o
                0x080005b4                HAL_NVIC_SetPriorityGrouping
 .text.HAL_NVIC_SetPriority
                0x080005d8       0x64 Drivers/STM32F4xx_HAL_Driver/Src/stm32f4xx_hal_cortex.o
                0x080005d8                HAL_NVIC_SetPriority
 .text.HAL_NVIC_EnableIRQ
                0x0800063c       0x18 Drivers/STM32F4xx_HAL_Driver/Src/stm32f4xx_hal_cortex.o
                0x0800063c                HAL_NVIC_EnableIRQ
 .text.HAL_SYSTICK_Config
                0x08000654       0x2c Drivers/STM32F4xx_HAL_Driver/Src/stm32f4xx_hal_cortex.o
                0x08000654                HAL_SYSTICK_Config
 .text.HAL_SYSTICK_CLKSourceConfig
                0x08000680       0x20 Drivers/STM32F4xx_HAL_Driver/Src/stm32f4xx_hal_cortex.o
                0x08000680                HAL_SYSTICK_CLKSourceConfig
 .text.HAL_SYSTICK_Callback
                0x080006a0        0x2 Drivers/STM32F4xx_HAL_Driver/Src/stm32f4xx_hal_cortex.o
                0x080006a0                HAL_SYSTICK_Callback
 .text.HAL_SYSTICK_IRQHandler
                0x080006a2        0x8 Drivers/STM32F4xx_HAL_Driver/Src/stm32f4xx_hal_cortex.o
                0x080006a2                HAL_SYSTICK_IRQHandler
 *fill*         0x080006aa        0x2 
 .text.HAL_GPIO_Init
                0x080006ac      0x1a8 Drivers/STM32F4xx_HAL_Driver/Src/stm32f4xx_hal_gpio.o
                0x080006ac                HAL_GPIO_Init
 .text.HAL_GPIO_WritePin
                0x08000854        0xc Drivers/STM32F4xx_HAL_Driver/Src/stm32f4xx_hal_gpio.o
                0x08000854                HAL_GPIO_WritePin
 .text.HAL_GPIO_EXTI_IRQHandler
                0x08000860       0x1c Drivers/STM32F4xx_HAL_Driver/Src/stm32f4xx_hal_gpio.o
                0x08000860                HAL_GPIO_EXTI_IRQHandler
 .text.I2C_IsAcknowledgeFailed
                0x0800087c       0x2a Drivers/STM32F4xx_HAL_Driver/Src/stm32f4xx_hal_i2c.o
 .text.I2C_WaitOnFlagUntilTimeout
                0x080008a6       0x68 Drivers/STM32F4xx_HAL_Driver/Src/stm32f4xx_hal_i2c.o
 .text.I2C_WaitOnMasterAddressFlagUntilTimeout
                0x0800090e       0x90 Drivers/STM32F4xx_HAL_Driver/Src/stm32f4xx_hal_i2c.o
 *fill*         0x0800099e        0x2 
 .text.I2C_MasterRequestWrite
                0x080009a0       0xbc Drivers/STM32F4xx_HAL_Driver/Src/stm32f4xx_hal_i2c.o
 .text.I2C_MasterRequestRead
                0x08000a5c      0x120 Drivers/STM32F4xx_HAL_Driver/Src/stm32f4xx_hal_i2c.o
 .text.I2C_WaitOnTXEFlagUntilTimeout
                0x08000b7c       0x4e Drivers/STM32F4xx_HAL_Driver/Src/stm32f4xx_hal_i2c.o
 .text.I2C_WaitOnBTFFlagUntilTimeout
                0x08000bca       0x4e Drivers/STM32F4xx_HAL_Driver/Src/stm32f4xx_hal_i2c.o
 .text.I2C_WaitOnRXNEFlagUntilTimeout
                0x08000c18       0x5c Drivers/STM32F4xx_HAL_Driver/Src/stm32f4xx_hal_i2c.o
 .text.HAL_I2C_Init
                0x08000c74      0x11c Drivers/STM32F4xx_HAL_Driver/Src/stm32f4xx_hal_i2c.o
                0x08000c74                HAL_I2C_Init
 .text.HAL_I2C_Master_Transmit
                0x08000d90      0x184 Drivers/STM32F4xx_HAL_Driver/Src/stm32f4xx_hal_i2c.o
                0x08000d90                HAL_I2C_Master_Transmit
 .text.HAL_I2C_Master_Receive
                0x08000f14      0x2f4 Drivers/STM32F4xx_HAL_Driver/Src/stm32f4xx_hal_i2c.o
                0x08000f14                HAL_I2C_Master_Receive
 .text.HAL_RCC_OscConfig
                0x08001208      0x378 Drivers/STM32F4xx_HAL_Driver/Src/stm32f4xx_hal_rcc.o
                0x08001208                HAL_RCC_OscConfig
 .text.HAL_RCC_GetSysClockFreq
                0x08001580       0xa4 Drivers/STM32F4xx_HAL_Driver/Src/stm32f4xx_hal_rcc.o
                0x08001580                HAL_RCC_GetSysClockFreq
 .text.HAL_RCC_ClockConfig
                0x08001624      0x158 Drivers/STM32F4xx_HAL_Driver/Src/stm32f4xx_hal_rcc.o
                0x08001624                HAL_RCC_ClockConfig
 .text.HAL_RCC_GetHCLKFreq
                0x0800177c        0xc Drivers/STM32F4xx_HAL_Driver/Src/stm32f4xx_hal_rcc.o
                0x0800177c                HAL_RCC_GetHCLKFreq
 .text.HAL_RCC_GetPCLK1Freq
                0x08001788       0x20 Drivers/STM32F4xx_HAL_Driver/Src/stm32f4xx_hal_rcc.o
                0x08001788                HAL_RCC_GetPCLK1Freq
 .text.HAL_SPI_Init
                0x080017a8       0x80 Drivers/STM32F4xx_HAL_Driver/Src/stm32f4xx_hal_spi.o
                0x080017a8                HAL_SPI_Init
 .text.TIM_Base_SetConfig
                0x08001828       0xd0 Drivers/STM32F4xx_HAL_Driver/Src/stm32f4xx_hal_tim.o
                0x08001828                TIM_Base_SetConfig
 .text.HAL_TIM_Encoder_Init
                0x080018f8       0x98 Drivers/STM32F4xx_HAL_Driver/Src/stm32f4xx_hal_tim.o
                0x080018f8                HAL_TIM_Encoder_Init
 .text.TIM_CCxChannelCmd
                0x08001990       0x1e Drivers/STM32F4xx_HAL_Driver/Src/stm32f4xx_hal_tim.o
                0x08001990                TIM_CCxChannelCmd
 .text.HAL_TIM_Encoder_Start
                0x080019ae       0x44 Drivers/STM32F4xx_HAL_Driver/Src/stm32f4xx_hal_tim.o
                0x080019ae                HAL_TIM_Encoder_Start
 .text.HAL_TIMEx_MasterConfigSynchronization
                0x080019f2       0x52 Drivers/STM32F4xx_HAL_Driver/Src/stm32f4xx_hal_tim_ex.o
                0x080019f2                HAL_TIMEx_MasterConfigSynchronization
 .text.LCD_I2C_WriteOut
                0x08001a44       0x20 Src/HD44780-master/hd44780.o
                0x08001a44                LCD_I2C_WriteOut
 .text.LCD_StateWriteBit
                0x08001a64       0x3a Src/HD44780-master/hd44780.o
                0x08001a64                LCD_StateWriteBit
 .text.LCD_StateLEDControl
                0x08001a9e        0xe Src/HD44780-master/hd44780.o
                0x08001a9e                LCD_StateLEDControl
 .text.LCD_WriteToDataBus
                0x08001aac       0xd0 Src/HD44780-master/hd44780.o
                0x08001aac                LCD_WriteToDataBus
 .text.LCD_GetBusyFlag
                0x08001b7c       0x8a Src/HD44780-master/hd44780.o
                0x08001b7c                LCD_GetBusyFlag
 .text.LCD_WaitForBusyFlag
                0x08001c06       0x38 Src/HD44780-master/hd44780.o
                0x08001c06                LCD_WaitForBusyFlag
 .text.LCD_WriteCMD
                0x08001c3e       0x5a Src/HD44780-master/hd44780.o
                0x08001c3e                LCD_WriteCMD
 .text.LCD_WriteDATA
                0x08001c98       0x5a Src/HD44780-master/hd44780.o
                0x08001c98                LCD_WriteDATA
 .text.LCD_SetLocation
                0x08001cf2       0x14 Src/HD44780-master/hd44780.o
                0x08001cf2                LCD_SetLocation
 .text.LCD_WriteString
                0x08001d06       0x2e Src/HD44780-master/hd44780.o
                0x08001d06                LCD_WriteString
 .text.LCD_ClearDisplay
                0x08001d34        0xa Src/HD44780-master/hd44780.o
                0x08001d34                LCD_ClearDisplay
 .text.LCD_DisplayON
                0x08001d3e       0x1c Src/HD44780-master/hd44780.o
                0x08001d3e                LCD_DisplayON
 .text.LCD_EntryModeSet
                0x08001d5a       0x12 Src/HD44780-master/hd44780.o
                0x08001d5a                LCD_EntryModeSet
 .text.LCD_Init
                0x08001d6c      0x150 Src/HD44780-master/hd44780.o
                0x08001d6c                LCD_Init
 .text.PCF8574_Init
                0x08001ebc       0x3e Src/PCF8574-master/pcf8574.o
                0x08001ebc                PCF8574_Init
 .text.PCF8574_Write
                0x08001efa       0x32 Src/PCF8574-master/pcf8574.o
                0x08001efa                PCF8574_Write
 .text.PCF8574_Read
                0x08001f2c       0x2e Src/PCF8574-master/pcf8574.o
                0x08001f2c                PCF8574_Read
 *fill*         0x08001f5a        0x2 
 .text.moje_urzadzenie_zatrzymaj
                0x08001f5c       0x1c Src/Struct&Fun.o
                0x08001f5c                moje_urzadzenie_zatrzymaj
 .text.moje_urzadzenie_zaprogram
                0x08001f78       0x1c Src/Struct&Fun.o
                0x08001f78                moje_urzadzenie_zaprogram
 .text.tryb_manual
                0x08001f94       0x1c Src/Struct&Fun.o
                0x08001f94                tryb_manual
 .text.tryb_automat
                0x08001fb0       0x1c Src/Struct&Fun.o
                0x08001fb0                tryb_automat
 .text.stworz   0x08001fcc       0x1c Src/Struct&Fun.o
                0x08001fcc                stworz
 .text.stworzSubMenu1
                0x08001fe8       0x14 Src/Struct&Fun.o
                0x08001fe8                stworzSubMenu1
 .text.moje_urzadzenie_tryb_pracy
                0x08001ffc       0xb4 Src/Struct&Fun.o
                0x08001ffc                moje_urzadzenie_tryb_pracy
 .text.MX_GPIO_Init
                0x080020b0      0x144 Src/main.o
 .text.HAL_GPIO_EXTI_Callback
                0x080021f4       0x14 Src/main.o
                0x080021f4                HAL_GPIO_EXTI_Callback
 .text._Error_Handler
                0x08002208        0x2 Src/main.o
                0x08002208                _Error_Handler
 *fill*         0x0800220a        0x2 
 .text.MX_I2C1_Init
                0x0800220c       0x40 Src/main.o
 .text.MX_TIM1_Init
                0x0800224c       0x70 Src/main.o
 .text.MX_SPI1_Init
                0x080022bc       0x4c Src/main.o
 .text.SystemClock_Config
                0x08002308       0xa8 Src/main.o
                0x08002308                SystemClock_Config
 .text.main     0x080023b0      0x120 Src/main.o
                0x080023b0                main
 .text.HAL_MspInit
                0x080024d0       0x5e Src/stm32f4xx_hal_msp.o
                0x080024d0                HAL_MspInit
 *fill*         0x0800252e        0x2 
 .text.HAL_I2C_MspInit
                0x08002530       0x58 Src/stm32f4xx_hal_msp.o
                0x08002530                HAL_I2C_MspInit
 .text.HAL_SPI_MspInit
                0x08002588       0x50 Src/stm32f4xx_hal_msp.o
                0x08002588                HAL_SPI_MspInit
 .text.HAL_TIM_Encoder_MspInit
                0x080025d8       0x54 Src/stm32f4xx_hal_msp.o
                0x080025d8                HAL_TIM_Encoder_MspInit
 .text.NMI_Handler
                0x0800262c        0x2 Src/stm32f4xx_it.o
                0x0800262c                NMI_Handler
 .text.HardFault_Handler
                0x0800262e        0x2 Src/stm32f4xx_it.o
                0x0800262e                HardFault_Handler
 .text.MemManage_Handler
                0x08002630        0x2 Src/stm32f4xx_it.o
                0x08002630                MemManage_Handler
 .text.BusFault_Handler
                0x08002632        0x2 Src/stm32f4xx_it.o
                0x08002632                BusFault_Handler
 .text.UsageFault_Handler
                0x08002634        0x2 Src/stm32f4xx_it.o
                0x08002634                UsageFault_Handler
 .text.SVC_Handler
                0x08002636        0x2 Src/stm32f4xx_it.o
                0x08002636                SVC_Handler
 .text.DebugMon_Handler
                0x08002638        0x2 Src/stm32f4xx_it.o
                0x08002638                DebugMon_Handler
 .text.PendSV_Handler
                0x0800263a        0x2 Src/stm32f4xx_it.o
                0x0800263a                PendSV_Handler
 .text.SysTick_Handler
                0x0800263c        0xc Src/stm32f4xx_it.o
                0x0800263c                SysTick_Handler
 .text.EXTI1_IRQHandler
                0x08002648        0xa Src/stm32f4xx_it.o
                0x08002648                EXTI1_IRQHandler
 *fill*         0x08002652        0x2 
 .text.SystemInit
                0x08002654       0x4c Src/system_stm32f4xx.o
                0x08002654                SystemInit
 .text.Reset_Handler
                0x080026a0       0x50 startup/startup_stm32f411xe.o
                0x080026a0                Reset_Handler
 .text.Default_Handler
                0x080026f0        0x2 startup/startup_stm32f411xe.o
                0x080026f0                RTC_Alarm_IRQHandler
                0x080026f0                EXTI2_IRQHandler
                0x080026f0                SPI4_IRQHandler
                0x080026f0                TIM1_CC_IRQHandler
                0x080026f0                DMA2_Stream5_IRQHandler
                0x080026f0                DMA1_Stream5_IRQHandler
                0x080026f0                PVD_IRQHandler
                0x080026f0                SDIO_IRQHandler
                0x080026f0                TAMP_STAMP_IRQHandler
                0x080026f0                EXTI3_IRQHandler
                0x080026f0                TIM1_UP_TIM10_IRQHandler
                0x080026f0                I2C3_ER_IRQHandler
                0x080026f0                EXTI0_IRQHandler
                0x080026f0                I2C2_EV_IRQHandler
                0x080026f0                DMA1_Stream2_IRQHandler
                0x080026f0                FPU_IRQHandler
                0x080026f0                DMA2_Stream2_IRQHandler
                0x080026f0                SPI1_IRQHandler
                0x080026f0                TIM1_BRK_TIM9_IRQHandler
                0x080026f0                DMA2_Stream3_IRQHandler
                0x080026f0                USART6_IRQHandler
                0x080026f0                DMA2_Stream0_IRQHandler
                0x080026f0                TIM4_IRQHandler
                0x080026f0                I2C1_EV_IRQHandler
                0x080026f0                DMA1_Stream6_IRQHandler
                0x080026f0                DMA1_Stream1_IRQHandler
                0x080026f0                TIM3_IRQHandler
                0x080026f0                RCC_IRQHandler
                0x080026f0                Default_Handler
                0x080026f0                EXTI15_10_IRQHandler
                0x080026f0                ADC_IRQHandler
                0x080026f0                DMA1_Stream7_IRQHandler
                0x080026f0                SPI5_IRQHandler
                0x080026f0                TIM5_IRQHandler
                0x080026f0                DMA2_Stream7_IRQHandler
                0x080026f0                I2C3_EV_IRQHandler
                0x080026f0                EXTI9_5_IRQHandler
                0x080026f0                RTC_WKUP_IRQHandler
                0x080026f0                SPI2_IRQHandler
                0x080026f0                DMA1_Stream0_IRQHandler
                0x080026f0                EXTI4_IRQHandler
                0x080026f0                WWDG_IRQHandler
                0x080026f0                TIM2_IRQHandler
                0x080026f0                OTG_FS_WKUP_IRQHandler
                0x080026f0                TIM1_TRG_COM_TIM11_IRQHandler
                0x080026f0                USART2_IRQHandler
                0x080026f0                I2C2_ER_IRQHandler
                0x080026f0                DMA2_Stream1_IRQHandler
                0x080026f0                FLASH_IRQHandler
                0x080026f0                DMA2_Stream4_IRQHandler
                0x080026f0                USART1_IRQHandler
                0x080026f0                OTG_FS_IRQHandler
                0x080026f0                SPI3_IRQHandler
                0x080026f0                DMA1_Stream4_IRQHandler
                0x080026f0                I2C1_ER_IRQHandler
                0x080026f0                DMA2_Stream6_IRQHandler
                0x080026f0                DMA1_Stream3_IRQHandler
 *fill*         0x080026f2        0x2 
 .text.__libc_init_array
                0x080026f4       0x48 c:/ac6/systemworkbench/plugins/fr.ac6.mcu.externaltools.arm-none.win32_1.15.0.201708311556/tools/compiler/bin/../lib/gcc/arm-none-eabi/6.3.1/../../../../arm-none-eabi/lib/thumb/v7e-m/fpv4-sp/hard\libc_nano.a(lib_a-init.o)
                0x080026f4                __libc_init_array
 *(.glue_7)
 .glue_7        0x0800273c        0x0 linker stubs
 *(.glue_7t)
 .glue_7t       0x0800273c        0x0 linker stubs
 *(.eh_frame)
 .eh_frame      0x0800273c        0x0 c:/ac6/systemworkbench/plugins/fr.ac6.mcu.externaltools.arm-none.win32_1.15.0.201708311556/tools/compiler/bin/../lib/gcc/arm-none-eabi/6.3.1/thumb/v7e-m/fpv4-sp/hard/crtbegin.o
 *(.init)
 .init          0x0800273c        0x4 c:/ac6/systemworkbench/plugins/fr.ac6.mcu.externaltools.arm-none.win32_1.15.0.201708311556/tools/compiler/bin/../lib/gcc/arm-none-eabi/6.3.1/thumb/v7e-m/fpv4-sp/hard/crti.o
                0x0800273c                _init
 .init          0x08002740        0x8 c:/ac6/systemworkbench/plugins/fr.ac6.mcu.externaltools.arm-none.win32_1.15.0.201708311556/tools/compiler/bin/../lib/gcc/arm-none-eabi/6.3.1/thumb/v7e-m/fpv4-sp/hard/crtn.o
 *(.fini)
 .fini          0x08002748        0x4 c:/ac6/systemworkbench/plugins/fr.ac6.mcu.externaltools.arm-none.win32_1.15.0.201708311556/tools/compiler/bin/../lib/gcc/arm-none-eabi/6.3.1/thumb/v7e-m/fpv4-sp/hard/crti.o
                0x08002748                _fini
 .fini          0x0800274c        0x8 c:/ac6/systemworkbench/plugins/fr.ac6.mcu.externaltools.arm-none.win32_1.15.0.201708311556/tools/compiler/bin/../lib/gcc/arm-none-eabi/6.3.1/thumb/v7e-m/fpv4-sp/hard/crtn.o
                0x08002754                . = ALIGN (0x4)
                0x08002754                _etext = .

.vfp11_veneer   0x08002754        0x0
 .vfp11_veneer  0x08002754        0x0 linker stubs

.v4_bx          0x08002754        0x0
 .v4_bx         0x08002754        0x0 linker stubs

.iplt           0x08002754        0x0
 .iplt          0x08002754        0x0 c:/ac6/systemworkbench/plugins/fr.ac6.mcu.externaltools.arm-none.win32_1.15.0.201708311556/tools/compiler/bin/../lib/gcc/arm-none-eabi/6.3.1/thumb/v7e-m/fpv4-sp/hard/crtbegin.o

.rodata         0x08002754       0xa4
                0x08002754                . = ALIGN (0x4)
 *(.rodata)
 .rodata        0x08002754       0x18 Src/system_stm32f4xx.o
                0x08002754                AHBPrescTable
                0x08002764                APBPrescTable
 *(.rodata*)
 .rodata.str1.4
                0x0800276c       0x54 Src/Struct&Fun.o
 .rodata.str1.4
                0x080027c0       0x38 Src/main.o
                                 0x37 (size before relaxing)
                0x080027f8                . = ALIGN (0x4)

.ARM.extab
 *(.ARM.extab* .gnu.linkonce.armextab.*)

.ARM            0x080027f8        0x8
                0x080027f8                __exidx_start = .
 *(.ARM.exidx*)
 .ARM.exidx     0x080027f8        0x8 c:/ac6/systemworkbench/plugins/fr.ac6.mcu.externaltools.arm-none.win32_1.15.0.201708311556/tools/compiler/bin/../lib/gcc/arm-none-eabi/6.3.1/thumb/v7e-m/fpv4-sp/hard\libgcc.a(_udivmoddi4.o)
                0x08002800                __exidx_end = .

.rel.dyn        0x08002800        0x0
 .rel.iplt      0x08002800        0x0 c:/ac6/systemworkbench/plugins/fr.ac6.mcu.externaltools.arm-none.win32_1.15.0.201708311556/tools/compiler/bin/../lib/gcc/arm-none-eabi/6.3.1/thumb/v7e-m/fpv4-sp/hard/crtbegin.o

.preinit_array  0x08002800        0x0
                0x08002800                PROVIDE (__preinit_array_start, .)
 *(.preinit_array*)
                0x08002800                PROVIDE (__preinit_array_end, .)

.init_array     0x08002800        0x4
                0x08002800                PROVIDE (__init_array_start, .)
 *(SORT(.init_array.*))
 *(.init_array*)
 .init_array    0x08002800        0x4 c:/ac6/systemworkbench/plugins/fr.ac6.mcu.externaltools.arm-none.win32_1.15.0.201708311556/tools/compiler/bin/../lib/gcc/arm-none-eabi/6.3.1/thumb/v7e-m/fpv4-sp/hard/crtbegin.o
                0x08002804                PROVIDE (__init_array_end, .)

.fini_array     0x08002804        0x4
                [!provide]                PROVIDE (__fini_array_start, .)
 *(SORT(.fini_array.*))
 *(.fini_array*)
 .fini_array    0x08002804        0x4 c:/ac6/systemworkbench/plugins/fr.ac6.mcu.externaltools.arm-none.win32_1.15.0.201708311556/tools/compiler/bin/../lib/gcc/arm-none-eabi/6.3.1/thumb/v7e-m/fpv4-sp/hard/crtbegin.o
                [!provide]                PROVIDE (__fini_array_end, .)
                0x08002808                _sidata = LOADADDR (.data)

.data           0x20000000       0x24 load address 0x08002808
                0x20000000                . = ALIGN (0x4)
                0x20000000                _sdata = .
 *(.data)
 .data          0x20000000       0x20 Src/HD44780-master/hd44780.o
                0x20000000                PCF8574_Type0Pins
 .data          0x20000020        0x4 Src/system_stm32f4xx.o
                0x20000020                SystemCoreClock
 *(.data*)
                0x20000024                . = ALIGN (0x4)
                0x20000024                _edata = .

.jcr            0x20000024        0x0 load address 0x0800282c
 .jcr           0x20000024        0x0 c:/ac6/systemworkbench/plugins/fr.ac6.mcu.externaltools.arm-none.win32_1.15.0.201708311556/tools/compiler/bin/../lib/gcc/arm-none-eabi/6.3.1/thumb/v7e-m/fpv4-sp/hard/crtbegin.o

.igot.plt       0x20000024        0x0 load address 0x0800282c
 .igot.plt      0x20000024        0x0 c:/ac6/systemworkbench/plugins/fr.ac6.mcu.externaltools.arm-none.win32_1.15.0.201708311556/tools/compiler/bin/../lib/gcc/arm-none-eabi/6.3.1/thumb/v7e-m/fpv4-sp/hard/crtbegin.o
                0x20000024                . = ALIGN (0x4)

.bss            0x20000024      0x1b8 load address 0x0800282c
                0x20000024                _sbss = .
                0x20000024                __bss_start__ = _sbss
 *(.bss)
 .bss           0x20000024       0x1c c:/ac6/systemworkbench/plugins/fr.ac6.mcu.externaltools.arm-none.win32_1.15.0.201708311556/tools/compiler/bin/../lib/gcc/arm-none-eabi/6.3.1/thumb/v7e-m/fpv4-sp/hard/crtbegin.o
 .bss           0x20000040        0x1 Src/main.o
                0x20000040                isPressed
 *(.bss*)
 *(COMMON)
 *fill*         0x20000041        0x3 
 COMMON         0x20000044        0x4 Drivers/STM32F4xx_HAL_Driver/Src/stm32f4xx_hal.o
                0x20000044                uwTick
 COMMON         0x20000048      0x192 Src/main.o
                0x20000048                lcd
                0x200000ec                hi2c1
                0x20000140                pulse_count
                0x20000144                htim1
                0x20000180                hspi1
                0x200001d8                positions
                0x200001dc                . = ALIGN (0x4)
 *fill*         0x200001da        0x2 
                0x200001dc                _ebss = .
                0x200001dc                __bss_end__ = _ebss

._user_heap_stack
                0x200001dc      0x604 load address 0x0800282c
                0x200001e0                . = ALIGN (0x8)
 *fill*         0x200001dc        0x4 
                [!provide]                PROVIDE (end, .)
                [!provide]                PROVIDE (_end, .)
                0x200003e0                . = (. + _Min_Heap_Size)
 *fill*         0x200001e0      0x200 
                0x200007e0                . = (. + _Min_Stack_Size)
 *fill*         0x200003e0      0x400 
                0x200007e0                . = ALIGN (0x8)

/DISCARD/
 libc.a(*)
 libm.a(*)
 libgcc.a(*)

.ARM.attributes
                0x00000000       0x30
 *(.ARM.attributes)
 .ARM.attributes
                0x00000000       0x22 c:/ac6/systemworkbench/plugins/fr.ac6.mcu.externaltools.arm-none.win32_1.15.0.201708311556/tools/compiler/bin/../lib/gcc/arm-none-eabi/6.3.1/thumb/v7e-m/fpv4-sp/hard/crti.o
 .ARM.attributes
                0x00000022       0x34 c:/ac6/systemworkbench/plugins/fr.ac6.mcu.externaltools.arm-none.win32_1.15.0.201708311556/tools/compiler/bin/../lib/gcc/arm-none-eabi/6.3.1/thumb/v7e-m/fpv4-sp/hard/crtbegin.o
 .ARM.attributes
                0x00000056       0x39 Drivers/STM32F4xx_HAL_Driver/Src/stm32f4xx_hal.o
 .ARM.attributes
                0x0000008f       0x39 Drivers/STM32F4xx_HAL_Driver/Src/stm32f4xx_hal_cortex.o
 .ARM.attributes
                0x000000c8       0x39 Drivers/STM32F4xx_HAL_Driver/Src/stm32f4xx_hal_gpio.o
 .ARM.attributes
                0x00000101       0x39 Drivers/STM32F4xx_HAL_Driver/Src/stm32f4xx_hal_i2c.o
 .ARM.attributes
                0x0000013a       0x39 Drivers/STM32F4xx_HAL_Driver/Src/stm32f4xx_hal_rcc.o
 .ARM.attributes
                0x00000173       0x39 Drivers/STM32F4xx_HAL_Driver/Src/stm32f4xx_hal_spi.o
 .ARM.attributes
                0x000001ac       0x39 Drivers/STM32F4xx_HAL_Driver/Src/stm32f4xx_hal_tim.o
 .ARM.attributes
                0x000001e5       0x39 Drivers/STM32F4xx_HAL_Driver/Src/stm32f4xx_hal_tim_ex.o
 .ARM.attributes
                0x0000021e       0x39 Src/HD44780-master/hd44780.o
 .ARM.attributes
                0x00000257       0x39 Src/PCF8574-master/pcf8574.o
 .ARM.attributes
                0x00000290       0x39 Src/Struct&Fun.o
 .ARM.attributes
                0x000002c9       0x39 Src/main.o
 .ARM.attributes
                0x00000302       0x39 Src/stm32f4xx_hal_msp.o
 .ARM.attributes
                0x0000033b       0x39 Src/stm32f4xx_it.o
 .ARM.attributes
                0x00000374       0x39 Src/system_stm32f4xx.o
 .ARM.attributes
                0x000003ad       0x21 startup/startup_stm32f411xe.o
 .ARM.attributes
                0x000003ce       0x22 c:/ac6/systemworkbench/plugins/fr.ac6.mcu.externaltools.arm-none.win32_1.15.0.201708311556/tools/compiler/bin/../lib/gcc/arm-none-eabi/6.3.1/thumb/v7e-m/fpv4-sp/hard\libgcc.a(_aeabi_uldivmod.o)
 .ARM.attributes
                0x000003f0       0x34 c:/ac6/systemworkbench/plugins/fr.ac6.mcu.externaltools.arm-none.win32_1.15.0.201708311556/tools/compiler/bin/../lib/gcc/arm-none-eabi/6.3.1/thumb/v7e-m/fpv4-sp/hard\libgcc.a(_udivmoddi4.o)
 .ARM.attributes
                0x00000424       0x22 c:/ac6/systemworkbench/plugins/fr.ac6.mcu.externaltools.arm-none.win32_1.15.0.201708311556/tools/compiler/bin/../lib/gcc/arm-none-eabi/6.3.1/thumb/v7e-m/fpv4-sp/hard\libgcc.a(_dvmd_tls.o)
 .ARM.attributes
                0x00000446       0x34 c:/ac6/systemworkbench/plugins/fr.ac6.mcu.externaltools.arm-none.win32_1.15.0.201708311556/tools/compiler/bin/../lib/gcc/arm-none-eabi/6.3.1/../../../../arm-none-eabi/lib/thumb/v7e-m/fpv4-sp/hard\libc_nano.a(lib_a-init.o)
 .ARM.attributes
                0x0000047a       0x22 c:/ac6/systemworkbench/plugins/fr.ac6.mcu.externaltools.arm-none.win32_1.15.0.201708311556/tools/compiler/bin/../lib/gcc/arm-none-eabi/6.3.1/thumb/v7e-m/fpv4-sp/hard/crtn.o
OUTPUT(LCD_ENCODER.elf elf32-littlearm)

.debug_info     0x00000000    0x18f37
 .debug_info    0x00000000     0x10ac Drivers/STM32F4xx_HAL_Driver/Src/stm32f4xx_hal.o
 .debug_info    0x000010ac     0x16ca Drivers/STM32F4xx_HAL_Driver/Src/stm32f4xx_hal_cortex.o
 .debug_info    0x00002776      0xfbf Drivers/STM32F4xx_HAL_Driver/Src/stm32f4xx_hal_gpio.o
 .debug_info    0x00003735     0x36e7 Drivers/STM32F4xx_HAL_Driver/Src/stm32f4xx_hal_i2c.o
 .debug_info    0x00006e1c     0x1264 Drivers/STM32F4xx_HAL_Driver/Src/stm32f4xx_hal_rcc.o
 .debug_info    0x00008080     0x2202 Drivers/STM32F4xx_HAL_Driver/Src/stm32f4xx_hal_spi.o
 .debug_info    0x0000a282     0x367c Drivers/STM32F4xx_HAL_Driver/Src/stm32f4xx_hal_tim.o
 .debug_info    0x0000d8fe     0x1b1e Drivers/STM32F4xx_HAL_Driver/Src/stm32f4xx_hal_tim_ex.o
 .debug_info    0x0000f41c     0x1fe5 Src/HD44780-master/hd44780.o
 .debug_info    0x00011401     0x1071 Src/PCF8574-master/pcf8574.o
 .debug_info    0x00012472     0x149c Src/Struct&Fun.o
 .debug_info    0x0001390e     0x238b Src/main.o
 .debug_info    0x00015c99     0x1a6d Src/stm32f4xx_hal_msp.o
 .debug_info    0x00017706      0xa50 Src/stm32f4xx_it.o
 .debug_info    0x00018156      0xd5a Src/system_stm32f4xx.o
 .debug_info    0x00018eb0       0x87 startup/startup_stm32f411xe.o

.debug_abbrev   0x00000000     0x29d3
 .debug_abbrev  0x00000000      0x2f2 Drivers/STM32F4xx_HAL_Driver/Src/stm32f4xx_hal.o
 .debug_abbrev  0x000002f2      0x3d4 Drivers/STM32F4xx_HAL_Driver/Src/stm32f4xx_hal_cortex.o
 .debug_abbrev  0x000006c6      0x2a5 Drivers/STM32F4xx_HAL_Driver/Src/stm32f4xx_hal_gpio.o
 .debug_abbrev  0x0000096b      0x2f9 Drivers/STM32F4xx_HAL_Driver/Src/stm32f4xx_hal_i2c.o
 .debug_abbrev  0x00000c64      0x328 Drivers/STM32F4xx_HAL_Driver/Src/stm32f4xx_hal_rcc.o
 .debug_abbrev  0x00000f8c      0x2f0 Drivers/STM32F4xx_HAL_Driver/Src/stm32f4xx_hal_spi.o
 .debug_abbrev  0x0000127c      0x2dc Drivers/STM32F4xx_HAL_Driver/Src/stm32f4xx_hal_tim.o
 .debug_abbrev  0x00001558      0x2dc Drivers/STM32F4xx_HAL_Driver/Src/stm32f4xx_hal_tim_ex.o
 .debug_abbrev  0x00001834      0x33e Src/HD44780-master/hd44780.o
 .debug_abbrev  0x00001b72      0x23d Src/PCF8574-master/pcf8574.o
 .debug_abbrev  0x00001daf      0x25c Src/Struct&Fun.o
 .debug_abbrev  0x0000200b      0x341 Src/main.o
 .debug_abbrev  0x0000234c      0x261 Src/stm32f4xx_hal_msp.o
 .debug_abbrev  0x000025ad      0x20f Src/stm32f4xx_it.o
 .debug_abbrev  0x000027bc      0x205 Src/system_stm32f4xx.o
 .debug_abbrev  0x000029c1       0x12 startup/startup_stm32f411xe.o

.debug_loc      0x00000000     0xabb7
 .debug_loc     0x00000000       0x69 Drivers/STM32F4xx_HAL_Driver/Src/stm32f4xx_hal.o
 .debug_loc     0x00000069      0x5ce Drivers/STM32F4xx_HAL_Driver/Src/stm32f4xx_hal_cortex.o
 .debug_loc     0x00000637      0x430 Drivers/STM32F4xx_HAL_Driver/Src/stm32f4xx_hal_gpio.o
 .debug_loc     0x00000a67     0x3198 Drivers/STM32F4xx_HAL_Driver/Src/stm32f4xx_hal_i2c.o
 .debug_loc     0x00003bff      0x378 Drivers/STM32F4xx_HAL_Driver/Src/stm32f4xx_hal_rcc.o
 .debug_loc     0x00003f77     0x1984 Drivers/STM32F4xx_HAL_Driver/Src/stm32f4xx_hal_spi.o
 .debug_loc     0x000058fb     0x34bc Drivers/STM32F4xx_HAL_Driver/Src/stm32f4xx_hal_tim.o
 .debug_loc     0x00008db7      0xe78 Drivers/STM32F4xx_HAL_Driver/Src/stm32f4xx_hal_tim_ex.o
 .debug_loc     0x00009c2f      0xb71 Src/HD44780-master/hd44780.o
 .debug_loc     0x0000a7a0       0xec Src/PCF8574-master/pcf8574.o
 .debug_loc     0x0000a88c       0xdc Src/Struct&Fun.o
 .debug_loc     0x0000a968      0x111 Src/stm32f4xx_hal_msp.o
 .debug_loc     0x0000aa79      0x13e Src/system_stm32f4xx.o

.debug_aranges  0x00000000      0xdd8
 .debug_aranges
                0x00000000       0xc8 Drivers/STM32F4xx_HAL_Driver/Src/stm32f4xx_hal.o
 .debug_aranges
                0x000000c8       0xa8 Drivers/STM32F4xx_HAL_Driver/Src/stm32f4xx_hal_cortex.o
 .debug_aranges
                0x00000170       0x58 Drivers/STM32F4xx_HAL_Driver/Src/stm32f4xx_hal_gpio.o
 .debug_aranges
                0x000001c8      0x268 Drivers/STM32F4xx_HAL_Driver/Src/stm32f4xx_hal_i2c.o
 .debug_aranges
                0x00000430       0x88 Drivers/STM32F4xx_HAL_Driver/Src/stm32f4xx_hal_rcc.o
 .debug_aranges
                0x000004b8      0x1c8 Drivers/STM32F4xx_HAL_Driver/Src/stm32f4xx_hal_spi.o
 .debug_aranges
                0x00000680      0x368 Drivers/STM32F4xx_HAL_Driver/Src/stm32f4xx_hal_tim.o
 .debug_aranges
                0x000009e8      0x140 Drivers/STM32F4xx_HAL_Driver/Src/stm32f4xx_hal_tim_ex.o
 .debug_aranges
                0x00000b28       0xc8 Src/HD44780-master/hd44780.o
 .debug_aranges
                0x00000bf0       0x38 Src/PCF8574-master/pcf8574.o
 .debug_aranges
                0x00000c28       0x50 Src/Struct&Fun.o
 .debug_aranges
                0x00000c78       0x58 Src/main.o
 .debug_aranges
                0x00000cd0       0x50 Src/stm32f4xx_hal_msp.o
 .debug_aranges
                0x00000d20       0x68 Src/stm32f4xx_it.o
 .debug_aranges
                0x00000d88       0x28 Src/system_stm32f4xx.o
 .debug_aranges
                0x00000db0       0x28 startup/startup_stm32f411xe.o

.debug_ranges   0x00000000      0xd78
 .debug_ranges  0x00000000       0xb8 Drivers/STM32F4xx_HAL_Driver/Src/stm32f4xx_hal.o
 .debug_ranges  0x000000b8       0xf8 Drivers/STM32F4xx_HAL_Driver/Src/stm32f4xx_hal_cortex.o
 .debug_ranges  0x000001b0       0x48 Drivers/STM32F4xx_HAL_Driver/Src/stm32f4xx_hal_gpio.o
 .debug_ranges  0x000001f8      0x258 Drivers/STM32F4xx_HAL_Driver/Src/stm32f4xx_hal_i2c.o
 .debug_ranges  0x00000450       0x78 Drivers/STM32F4xx_HAL_Driver/Src/stm32f4xx_hal_rcc.o
 .debug_ranges  0x000004c8      0x1b8 Drivers/STM32F4xx_HAL_Driver/Src/stm32f4xx_hal_spi.o
 .debug_ranges  0x00000680      0x358 Drivers/STM32F4xx_HAL_Driver/Src/stm32f4xx_hal_tim.o
 .debug_ranges  0x000009d8      0x130 Drivers/STM32F4xx_HAL_Driver/Src/stm32f4xx_hal_tim_ex.o
 .debug_ranges  0x00000b08       0xf0 Src/HD44780-master/hd44780.o
 .debug_ranges  0x00000bf8       0x28 Src/PCF8574-master/pcf8574.o
 .debug_ranges  0x00000c20       0x40 Src/Struct&Fun.o
 .debug_ranges  0x00000c60       0x48 Src/main.o
 .debug_ranges  0x00000ca8       0x40 Src/stm32f4xx_hal_msp.o
 .debug_ranges  0x00000ce8       0x58 Src/stm32f4xx_it.o
 .debug_ranges  0x00000d40       0x18 Src/system_stm32f4xx.o
 .debug_ranges  0x00000d58       0x20 startup/startup_stm32f411xe.o

.debug_macro    0x00000000    0x17667
 .debug_macro   0x00000000      0x388 Drivers/STM32F4xx_HAL_Driver/Src/stm32f4xx_hal.o
 .debug_macro   0x00000388      0x8bc Drivers/STM32F4xx_HAL_Driver/Src/stm32f4xx_hal.o
 .debug_macro   0x00000c44       0x10 Drivers/STM32F4xx_HAL_Driver/Src/stm32f4xx_hal.o
 .debug_macro   0x00000c54      0x180 Drivers/STM32F4xx_HAL_Driver/Src/stm32f4xx_hal.o
 .debug_macro   0x00000dd4       0x32 Drivers/STM32F4xx_HAL_Driver/Src/stm32f4xx_hal.o
 .debug_macro   0x00000e06       0x28 Drivers/STM32F4xx_HAL_Driver/Src/stm32f4xx_hal.o
 .debug_macro   0x00000e2e       0x22 Drivers/STM32F4xx_HAL_Driver/Src/stm32f4xx_hal.o
 .debug_macro   0x00000e50       0x87 Drivers/STM32F4xx_HAL_Driver/Src/stm32f4xx_hal.o
 .debug_macro   0x00000ed7       0x51 Drivers/STM32F4xx_HAL_Driver/Src/stm32f4xx_hal.o
 .debug_macro   0x00000f28       0xef Drivers/STM32F4xx_HAL_Driver/Src/stm32f4xx_hal.o
 .debug_macro   0x00001017       0x6a Drivers/STM32F4xx_HAL_Driver/Src/stm32f4xx_hal.o
 .debug_macro   0x00001081      0x1df Drivers/STM32F4xx_HAL_Driver/Src/stm32f4xx_hal.o
 .debug_macro   0x00001260       0x35 Drivers/STM32F4xx_HAL_Driver/Src/stm32f4xx_hal.o
 .debug_macro   0x00001295       0x50 Drivers/STM32F4xx_HAL_Driver/Src/stm32f4xx_hal.o
 .debug_macro   0x000012e5      0xe66 Drivers/STM32F4xx_HAL_Driver/Src/stm32f4xx_hal.o
 .debug_macro   0x0000214b     0xb803 Drivers/STM32F4xx_HAL_Driver/Src/stm32f4xx_hal.o
 .debug_macro   0x0000d94e       0x43 Drivers/STM32F4xx_HAL_Driver/Src/stm32f4xx_hal.o
 .debug_macro   0x0000d991     0x3535 Drivers/STM32F4xx_HAL_Driver/Src/stm32f4xx_hal.o
 .debug_macro   0x00010ec6       0x58 Drivers/STM32F4xx_HAL_Driver/Src/stm32f4xx_hal.o
 .debug_macro   0x00010f1e       0x35 Drivers/STM32F4xx_HAL_Driver/Src/stm32f4xx_hal.o
 .debug_macro   0x00010f53       0x9c Drivers/STM32F4xx_HAL_Driver/Src/stm32f4xx_hal.o
 .debug_macro   0x00010fef       0x16 Drivers/STM32F4xx_HAL_Driver/Src/stm32f4xx_hal.o
 .debug_macro   0x00011005       0x97 Drivers/STM32F4xx_HAL_Driver/Src/stm32f4xx_hal.o
 .debug_macro   0x0001109c      0x330 Drivers/STM32F4xx_HAL_Driver/Src/stm32f4xx_hal.o
 .debug_macro   0x000113cc       0xfd Drivers/STM32F4xx_HAL_Driver/Src/stm32f4xx_hal.o
 .debug_macro   0x000114c9       0x10 Drivers/STM32F4xx_HAL_Driver/Src/stm32f4xx_hal.o
 .debug_macro   0x000114d9       0x58 Drivers/STM32F4xx_HAL_Driver/Src/stm32f4xx_hal.o
 .debug_macro   0x00011531       0x1f Drivers/STM32F4xx_HAL_Driver/Src/stm32f4xx_hal.o
 .debug_macro   0x00011550       0x43 Drivers/STM32F4xx_HAL_Driver/Src/stm32f4xx_hal.o
 .debug_macro   0x00011593       0x20 Drivers/STM32F4xx_HAL_Driver/Src/stm32f4xx_hal.o
 .debug_macro   0x000115b3      0x187 Drivers/STM32F4xx_HAL_Driver/Src/stm32f4xx_hal.o
 .debug_macro   0x0001173a       0x10 Drivers/STM32F4xx_HAL_Driver/Src/stm32f4xx_hal.o
 .debug_macro   0x0001174a       0x1c Drivers/STM32F4xx_HAL_Driver/Src/stm32f4xx_hal.o
 .debug_macro   0x00011766       0x52 Drivers/STM32F4xx_HAL_Driver/Src/stm32f4xx_hal.o
 .debug_macro   0x000117b8       0x40 Drivers/STM32F4xx_HAL_Driver/Src/stm32f4xx_hal.o
 .debug_macro   0x000117f8       0x10 Drivers/STM32F4xx_HAL_Driver/Src/stm32f4xx_hal.o
 .debug_macro   0x00011808       0x40 Drivers/STM32F4xx_HAL_Driver/Src/stm32f4xx_hal.o
 .debug_macro   0x00011848       0xd7 Drivers/STM32F4xx_HAL_Driver/Src/stm32f4xx_hal.o
 .debug_macro   0x0001191f       0x16 Drivers/STM32F4xx_HAL_Driver/Src/stm32f4xx_hal.o
 .debug_macro   0x00011935      0x18b Drivers/STM32F4xx_HAL_Driver/Src/stm32f4xx_hal.o
 .debug_macro   0x00011ac0       0x50 Drivers/STM32F4xx_HAL_Driver/Src/stm32f4xx_hal.o
 .debug_macro   0x00011b10      0x447 Drivers/STM32F4xx_HAL_Driver/Src/stm32f4xx_hal.o
 .debug_macro   0x00011f57      0x9e6 Drivers/STM32F4xx_HAL_Driver/Src/stm32f4xx_hal.o
 .debug_macro   0x0001293d      0x11e Drivers/STM32F4xx_HAL_Driver/Src/stm32f4xx_hal.o
 .debug_macro   0x00012a5b      0x11b Drivers/STM32F4xx_HAL_Driver/Src/stm32f4xx_hal.o
 .debug_macro   0x00012b76       0x27 Drivers/STM32F4xx_HAL_Driver/Src/stm32f4xx_hal.o
 .debug_macro   0x00012b9d      0x287 Drivers/STM32F4xx_HAL_Driver/Src/stm32f4xx_hal.o
 .debug_macro   0x00012e24       0x5f Drivers/STM32F4xx_HAL_Driver/Src/stm32f4xx_hal.o
 .debug_macro   0x00012e83      0x23a Drivers/STM32F4xx_HAL_Driver/Src/stm32f4xx_hal.o
 .debug_macro   0x000130bd      0x13a Drivers/STM32F4xx_HAL_Driver/Src/stm32f4xx_hal.o
 .debug_macro   0x000131f7      0x264 Drivers/STM32F4xx_HAL_Driver/Src/stm32f4xx_hal.o
 .debug_macro   0x0001345b       0x2e Drivers/STM32F4xx_HAL_Driver/Src/stm32f4xx_hal.o
 .debug_macro   0x00013489      0x1a7 Drivers/STM32F4xx_HAL_Driver/Src/stm32f4xx_hal.o
 .debug_macro   0x00013630       0x22 Drivers/STM32F4xx_HAL_Driver/Src/stm32f4xx_hal.o
 .debug_macro   0x00013652       0xa5 Drivers/STM32F4xx_HAL_Driver/Src/stm32f4xx_hal.o
 .debug_macro   0x000136f7      0x11e Drivers/STM32F4xx_HAL_Driver/Src/stm32f4xx_hal.o
 .debug_macro   0x00013815       0x85 Drivers/STM32F4xx_HAL_Driver/Src/stm32f4xx_hal.o
 .debug_macro   0x0001389a       0x89 Drivers/STM32F4xx_HAL_Driver/Src/stm32f4xx_hal.o
 .debug_macro   0x00013923      0x6e0 Drivers/STM32F4xx_HAL_Driver/Src/stm32f4xx_hal.o
 .debug_macro   0x00014003       0x59 Drivers/STM32F4xx_HAL_Driver/Src/stm32f4xx_hal.o
 .debug_macro   0x0001405c      0x14d Drivers/STM32F4xx_HAL_Driver/Src/stm32f4xx_hal.o
 .debug_macro   0x000141a9      0x11e Drivers/STM32F4xx_HAL_Driver/Src/stm32f4xx_hal.o
 .debug_macro   0x000142c7      0x328 Drivers/STM32F4xx_HAL_Driver/Src/stm32f4xx_hal_cortex.o
 .debug_macro   0x000145ef      0x360 Drivers/STM32F4xx_HAL_Driver/Src/stm32f4xx_hal_gpio.o
 .debug_macro   0x0001494f      0x368 Drivers/STM32F4xx_HAL_Driver/Src/stm32f4xx_hal_i2c.o
 .debug_macro   0x00014cb7      0x34c Drivers/STM32F4xx_HAL_Driver/Src/stm32f4xx_hal_rcc.o
 .debug_macro   0x00015003      0x33a Drivers/STM32F4xx_HAL_Driver/Src/stm32f4xx_hal_spi.o
 .debug_macro   0x0001533d       0xca Drivers/STM32F4xx_HAL_Driver/Src/stm32f4xx_hal_spi.o
 .debug_macro   0x00015407      0x186 Drivers/STM32F4xx_HAL_Driver/Src/stm32f4xx_hal_spi.o
 .debug_macro   0x0001558d      0x202 Drivers/STM32F4xx_HAL_Driver/Src/stm32f4xx_hal_spi.o
 .debug_macro   0x0001578f      0x328 Drivers/STM32F4xx_HAL_Driver/Src/stm32f4xx_hal_tim.o
 .debug_macro   0x00015ab7      0x328 Drivers/STM32F4xx_HAL_Driver/Src/stm32f4xx_hal_tim_ex.o
 .debug_macro   0x00015ddf      0x33f Src/HD44780-master/hd44780.o
 .debug_macro   0x0001611e       0x52 Src/HD44780-master/hd44780.o
 .debug_macro   0x00016170       0x8d Src/HD44780-master/hd44780.o
 .debug_macro   0x000161fd       0x57 Src/HD44780-master/hd44780.o
 .debug_macro   0x00016254       0x3b Src/HD44780-master/hd44780.o
 .debug_macro   0x0001628f       0x10 Src/HD44780-master/hd44780.o
 .debug_macro   0x0001629f      0x342 Src/PCF8574-master/pcf8574.o
 .debug_macro   0x000165e1      0x362 Src/Struct&Fun.o
 .debug_macro   0x00016943       0x22 Src/Struct&Fun.o
 .debug_macro   0x00016965      0x366 Src/main.o
 .debug_macro   0x00016ccb      0x332 Src/stm32f4xx_hal_msp.o
 .debug_macro   0x00016ffd      0x33c Src/stm32f4xx_it.o
 .debug_macro   0x00017339      0x32e Src/system_stm32f4xx.o

.debug_line     0x00000000     0xb7f5
 .debug_line    0x00000000      0x94a Drivers/STM32F4xx_HAL_Driver/Src/stm32f4xx_hal.o
 .debug_line    0x0000094a      0x9c9 Drivers/STM32F4xx_HAL_Driver/Src/stm32f4xx_hal_cortex.o
 .debug_line    0x00001313      0x91f Drivers/STM32F4xx_HAL_Driver/Src/stm32f4xx_hal_gpio.o
 .debug_line    0x00001c32     0x196a Drivers/STM32F4xx_HAL_Driver/Src/stm32f4xx_hal_i2c.o
 .debug_line    0x0000359c      0xa0e Drivers/STM32F4xx_HAL_Driver/Src/stm32f4xx_hal_rcc.o
 .debug_line    0x00003faa     0x1228 Drivers/STM32F4xx_HAL_Driver/Src/stm32f4xx_hal_spi.o
 .debug_line    0x000051d2     0x178b Drivers/STM32F4xx_HAL_Driver/Src/stm32f4xx_hal_tim.o
 .debug_line    0x0000695d      0xd69 Drivers/STM32F4xx_HAL_Driver/Src/stm32f4xx_hal_tim_ex.o
 .debug_line    0x000076c6      0xb20 Src/HD44780-master/hd44780.o
 .debug_line    0x000081e6      0x898 Src/PCF8574-master/pcf8574.o
 .debug_line    0x00008a7e      0x976 Src/Struct&Fun.o
 .debug_line    0x000093f4      0x9fa Src/main.o
 .debug_line    0x00009dee      0x8d1 Src/stm32f4xx_hal_msp.o
 .debug_line    0x0000a6bf      0x8da Src/stm32f4xx_it.o
 .debug_line    0x0000af99      0x7dd Src/system_stm32f4xx.o
 .debug_line    0x0000b776       0x7f startup/startup_stm32f411xe.o

.debug_str      0x00000000    0x885b3
 .debug_str     0x00000000    0x83604 Drivers/STM32F4xx_HAL_Driver/Src/stm32f4xx_hal.o
                              0x839c4 (size before relaxing)
 .debug_str     0x00083604      0x3a2 Drivers/STM32F4xx_HAL_Driver/Src/stm32f4xx_hal_cortex.o
                              0x837aa (size before relaxing)
 .debug_str     0x000839a6      0x28c Drivers/STM32F4xx_HAL_Driver/Src/stm32f4xx_hal_gpio.o
                              0x832a7 (size before relaxing)
 .debug_str     0x00083c32      0xf14 Drivers/STM32F4xx_HAL_Driver/Src/stm32f4xx_hal_i2c.o
                              0x83ea0 (size before relaxing)
 .debug_str     0x00084b46      0x356 Drivers/STM32F4xx_HAL_Driver/Src/stm32f4xx_hal_rcc.o
                              0x83458 (size before relaxing)
 .debug_str     0x00084e9c     0x1c52 Drivers/STM32F4xx_HAL_Driver/Src/stm32f4xx_hal_spi.o
                              0x84df5 (size before relaxing)
 .debug_str     0x00086aee      0xe82 Drivers/STM32F4xx_HAL_Driver/Src/stm32f4xx_hal_tim.o
                              0x8409d (size before relaxing)
 .debug_str     0x00087970      0x4f4 Drivers/STM32F4xx_HAL_Driver/Src/stm32f4xx_hal_tim_ex.o
                              0x8395d (size before relaxing)
 .debug_str     0x00087e64      0x42c Src/HD44780-master/hd44780.o
                              0x84d92 (size before relaxing)
 .debug_str     0x00088290       0x2f Src/PCF8574-master/pcf8574.o
                              0x84a6f (size before relaxing)
 .debug_str     0x000882bf      0x12e Src/Struct&Fun.o
                              0x84c57 (size before relaxing)
 .debug_str     0x000883ed       0x7b Src/main.o
                              0x8580e (size before relaxing)
 .debug_str     0x00088468       0x28 Src/stm32f4xx_hal_msp.o
                              0x85286 (size before relaxing)
 .debug_str     0x00088490       0xc9 Src/stm32f4xx_it.o
                              0x84529 (size before relaxing)
 .debug_str     0x00088559       0x5a Src/system_stm32f4xx.o
                              0x83063 (size before relaxing)

.comment        0x00000000       0x7f
 .comment       0x00000000       0x7f Drivers/STM32F4xx_HAL_Driver/Src/stm32f4xx_hal.o
                                 0x80 (size before relaxing)
 .comment       0x0000007f       0x80 Drivers/STM32F4xx_HAL_Driver/Src/stm32f4xx_hal_cortex.o
 .comment       0x0000007f       0x80 Drivers/STM32F4xx_HAL_Driver/Src/stm32f4xx_hal_gpio.o
 .comment       0x0000007f       0x80 Drivers/STM32F4xx_HAL_Driver/Src/stm32f4xx_hal_i2c.o
 .comment       0x0000007f       0x80 Drivers/STM32F4xx_HAL_Driver/Src/stm32f4xx_hal_rcc.o
 .comment       0x0000007f       0x80 Drivers/STM32F4xx_HAL_Driver/Src/stm32f4xx_hal_spi.o
 .comment       0x0000007f       0x80 Drivers/STM32F4xx_HAL_Driver/Src/stm32f4xx_hal_tim.o
 .comment       0x0000007f       0x80 Drivers/STM32F4xx_HAL_Driver/Src/stm32f4xx_hal_tim_ex.o
 .comment       0x0000007f       0x80 Src/HD44780-master/hd44780.o
 .comment       0x0000007f       0x80 Src/PCF8574-master/pcf8574.o
 .comment       0x0000007f       0x80 Src/Struct&Fun.o
 .comment       0x0000007f       0x80 Src/main.o
 .comment       0x0000007f       0x80 Src/stm32f4xx_hal_msp.o
 .comment       0x0000007f       0x80 Src/stm32f4xx_it.o
 .comment       0x0000007f       0x80 Src/system_stm32f4xx.o

.debug_frame    0x00000000     0x2704
 .debug_frame   0x00000000      0x198 Drivers/STM32F4xx_HAL_Driver/Src/stm32f4xx_hal.o
 .debug_frame   0x00000198      0x15c Drivers/STM32F4xx_HAL_Driver/Src/stm32f4xx_hal_cortex.o
 .debug_frame   0x000002f4       0xd0 Drivers/STM32F4xx_HAL_Driver/Src/stm32f4xx_hal_gpio.o
 .debug_frame   0x000003c4      0x848 Drivers/STM32F4xx_HAL_Driver/Src/stm32f4xx_hal_i2c.o
 .debug_frame   0x00000c0c      0x170 Drivers/STM32F4xx_HAL_Driver/Src/stm32f4xx_hal_rcc.o
 .debug_frame   0x00000d7c      0x560 Drivers/STM32F4xx_HAL_Driver/Src/stm32f4xx_hal_spi.o
 .debug_frame   0x000012dc      0x9e0 Drivers/STM32F4xx_HAL_Driver/Src/stm32f4xx_hal_tim.o
 .debug_frame   0x00001cbc      0x384 Drivers/STM32F4xx_HAL_Driver/Src/stm32f4xx_hal_tim_ex.o
 .debug_frame   0x00002040      0x26c Src/HD44780-master/hd44780.o
 .debug_frame   0x000022ac       0x84 Src/PCF8574-master/pcf8574.o
 .debug_frame   0x00002330       0xb0 Src/Struct&Fun.o
 .debug_frame   0x000023e0       0xe4 Src/main.o
 .debug_frame   0x000024c4       0xc4 Src/stm32f4xx_hal_msp.o
 .debug_frame   0x00002588       0xc0 Src/stm32f4xx_it.o
 .debug_frame   0x00002648       0x30 Src/system_stm32f4xx.o
 .debug_frame   0x00002678       0x2c c:/ac6/systemworkbench/plugins/fr.ac6.mcu.externaltools.arm-none.win32_1.15.0.201708311556/tools/compiler/bin/../lib/gcc/arm-none-eabi/6.3.1/thumb/v7e-m/fpv4-sp/hard\libgcc.a(_aeabi_uldivmod.o)
 .debug_frame   0x000026a4       0x34 c:/ac6/systemworkbench/plugins/fr.ac6.mcu.externaltools.arm-none.win32_1.15.0.201708311556/tools/compiler/bin/../lib/gcc/arm-none-eabi/6.3.1/thumb/v7e-m/fpv4-sp/hard\libgcc.a(_udivmoddi4.o)
 .debug_frame   0x000026d8       0x2c c:/ac6/systemworkbench/plugins/fr.ac6.mcu.externaltools.arm-none.win32_1.15.0.201708311556/tools/compiler/bin/../lib/gcc/arm-none-eabi/6.3.1/../../../../arm-none-eabi/lib/thumb/v7e-m/fpv4-sp/hard\libc_nano.a(lib_a-init.o)
